Copyright 1986-2018 Xilinx, Inc. All Rights Reserved.
-------------------------------------------------------------------------------------------------------------------------------------------
| Tool Version     : Vivado v.2018.2 (win64) Build 2258646 Thu Jun 14 20:03:12 MDT 2018
| Date             : Sat Aug  1 22:50:40 2026
| Host             : HERMES running 64-bit major release  (build 9200)
| Command          : report_power -file {C:/Users/AMEZ/Desktop/Final Year Project/AES Trojan Detection Framework/golden_power.rpt}
| Design           : AESTrojanDetectionFramework
| Device           : xc7a35tcpg236-1
| Design State     : routed
| Grade            : commercial
| Process          : typical
| Characterization : Production
-------------------------------------------------------------------------------------------------------------------------------------------

Power Report

Table of Contents
-----------------
1. Summary
1.1 On-Chip Components
1.2 Power Supply Summary
1.3 Confidence Level
2. Settings
2.1 Environment
2.2 Clock Constraints
3. Detailed Reports
3.1 By Hierarchy

1. Summary
----------

+--------------------------+-----------------------------------------------------------------------------------------------------------------------------------------------+
| Total On-Chip Power (W)  | 40.837 (Junction temp exceeded!)                                                                                                              |
| Design Power Budget (W)  | Unspecified*                                                                                                                                  |
| Power Budget Margin (W)  | NA                                                                                                                                            |
| Dynamic (W)              | 40.355                                                                                                                                        |
| Device Static (W)        | 0.483                                                                                                                                         |
| Effective TJA (C/W)      | 5.0                                                                                                                                           |
| Max Ambient (C)          | 0.0                                                                                                                                           |
| Junction Temperature (C) | 125.0                                                                                                                                         |
| Confidence Level         | Low                                                                                                                                           |
| Setting File             | ---                                                                                                                                           |
| Simulation Activity File | C:/Users/AMEZ/Desktop/Final Year Project/AES Trojan Detection Framework/AES Trojan Detection Framework.sim/sim_1/impl/timing/xsim/trojan.saif |
| Design Nets Matched      | 43%   (3913/9143)                                                                                                                             |
+--------------------------+-----------------------------------------------------------------------------------------------------------------------------------------------+
* Specify Design Power Budget using, set_operating_conditions -design_power_budget <value in Watts>


1.1 On-Chip Components
----------------------

+----------------+-----------+----------+-----------+-----------------+
| On-Chip        | Power (W) | Used     | Available | Utilization (%) |
+----------------+-----------+----------+-----------+-----------------+
| Slice Logic    |    20.066 |     8886 |       --- |             --- |
|   LUT as Logic |    18.948 |     6384 |     20800 |           30.69 |
|   F7/F8 Muxes  |     1.013 |     2000 |     32600 |            6.13 |
|   Register     |     0.105 |      402 |     41600 |            0.97 |
|   Others       |     0.000 |        4 |       --- |             --- |
| Signals        |    20.289 |     4912 |       --- |             --- |
| Static Power   |     0.483 |          |           |                 |
| Total          |    40.837 |          |           |                 |
+----------------+-----------+----------+-----------+-----------------+


1.2 Power Supply Summary
------------------------

+-----------+-------------+-----------+-------------+------------+
| Source    | Voltage (V) | Total (A) | Dynamic (A) | Static (A) |
+-----------+-------------+-----------+-------------+------------+
| Vccint    |       1.000 |    40.695 |      40.355 |      0.341 |
| Vccaux    |       1.800 |     0.053 |       0.000 |      0.053 |
| Vcco33    |       3.300 |     0.000 |       0.000 |      0.000 |
| Vcco25    |       2.500 |     0.000 |       0.000 |      0.000 |
| Vcco18    |       1.800 |     0.000 |       0.000 |      0.000 |
| Vcco15    |       1.500 |     0.000 |       0.000 |      0.000 |
| Vcco135   |       1.350 |     0.000 |       0.000 |      0.000 |
| Vcco12    |       1.200 |     0.000 |       0.000 |      0.000 |
| Vccaux_io |       1.800 |     0.000 |       0.000 |      0.000 |
| Vccbram   |       1.000 |     0.010 |       0.000 |      0.010 |
| MGTAVcc   |       1.000 |     0.000 |       0.000 |      0.000 |
| MGTAVtt   |       1.200 |     0.000 |       0.000 |      0.000 |
| Vccadc    |       1.800 |     0.020 |       0.000 |      0.020 |
+-----------+-------------+-----------+-------------+------------+


1.3 Confidence Level
--------------------

+-----------------------------+------------+------------------------------------------------+--------------------------------------------------------------------------------------------------------------------+
| User Input Data             | Confidence | Details                                        | Action                                                                                                             |
+-----------------------------+------------+------------------------------------------------+--------------------------------------------------------------------------------------------------------------------+
| Design implementation state | High       | Design is routed                               |                                                                                                                    |
| Clock nodes activity        | Low        | User specified less than 75% of clocks         | Provide missing clock activity with a constraint file, simulation results or by editing the "By Clock Domain" view |
| I/O nodes activity          | High       | User specified more than 95% of inputs         |                                                                                                                    |
| Internal nodes activity     | High       | User specified more than 25% of internal nodes |                                                                                                                    |
| Device models               | High       | Device models are Production                   |                                                                                                                    |
|                             |            |                                                |                                                                                                                    |
| Overall confidence level    | Low        |                                                |                                                                                                                    |
+-----------------------------+------------+------------------------------------------------+--------------------------------------------------------------------------------------------------------------------+


2. Settings
-----------

2.1 Environment
---------------

+-----------------------+--------------------------+
| Ambient Temp (C)      | 25.0                     |
| ThetaJA (C/W)         | 5.0                      |
| Airflow (LFM)         | 250                      |
| Heat Sink             | medium (Medium Profile)  |
| ThetaSA (C/W)         | 4.6                      |
| Board Selection       | medium (10"x10")         |
| # of Board Layers     | 12to15 (12 to 15 Layers) |
| Board Temperature (C) | 25.0                     |
+-----------------------+--------------------------+


2.2 Clock Constraints
---------------------

+-------+--------+-----------------+
| Clock | Domain | Constraint (ns) |
+-------+--------+-----------------+


3. Detailed Reports
-------------------

3.1 By Hierarchy
----------------

+------------------------------------------------+-----------+
| Name                                           | Power (W) |
+------------------------------------------------+-----------+
| AESTrojanDetectionFramework                    |    40.355 |
|   controlUnit                                  |     1.700 |
|   goldenCore                                   |    <0.001 |
|     mix                                        |    <0.001 |
|     sub                                        |    <0.001 |
|       SubTableLoop[103].s                      |    <0.001 |
|       SubTableLoop[111].s                      |    <0.001 |
|       SubTableLoop[119].s                      |    <0.001 |
|       SubTableLoop[127].s                      |    <0.001 |
|       SubTableLoop[15].s                       |    <0.001 |
|       SubTableLoop[23].s                       |    <0.001 |
|       SubTableLoop[31].s                       |    <0.001 |
|       SubTableLoop[39].s                       |    <0.001 |
|       SubTableLoop[47].s                       |    <0.001 |
|       SubTableLoop[55].s                       |    <0.001 |
|       SubTableLoop[63].s                       |    <0.001 |
|       SubTableLoop[71].s                       |    <0.001 |
|       SubTableLoop[79].s                       |    <0.001 |
|       SubTableLoop[7].s                        |    <0.001 |
|       SubTableLoop[87].s                       |    <0.001 |
|       SubTableLoop[95].s                       |    <0.001 |
|   goldenCore2                                  |    33.996 |
|     mix                                        |     9.389 |
|     sub                                        |     5.899 |
|       SubTableLoop[103].s                      |     0.378 |
|       SubTableLoop[111].s                      |     0.375 |
|       SubTableLoop[119].s                      |     0.399 |
|       SubTableLoop[127].s                      |     0.400 |
|       SubTableLoop[15].s                       |     0.293 |
|       SubTableLoop[23].s                       |     0.381 |
|       SubTableLoop[31].s                       |     0.374 |
|       SubTableLoop[39].s                       |     0.357 |
|       SubTableLoop[47].s                       |     0.369 |
|       SubTableLoop[55].s                       |     0.331 |
|       SubTableLoop[63].s                       |     0.346 |
|       SubTableLoop[71].s                       |     0.389 |
|       SubTableLoop[79].s                       |     0.366 |
|       SubTableLoop[7].s                        |     0.451 |
|       SubTableLoop[87].s                       |     0.376 |
|       SubTableLoop[95].s                       |     0.314 |
|   keyExp                                       |     4.658 |
|     KeyExpansionRoundLoop[0].keyExpansionRound |     4.658 |
|       SubWordLoop[0].subTable                  |     1.212 |
|       SubWordLoop[1].subTable                  |     1.135 |
|       SubWordLoop[2].subTable                  |     1.199 |
|       SubWordLoop[3].subTable                  |     1.112 |
|     KeyExpansionRoundLoop[1].keyExpansionRound |     0.000 |
|       SubWordLoop[0].subTable                  |     0.000 |
|       SubWordLoop[1].subTable                  |     0.000 |
|       SubWordLoop[2].subTable                  |     0.000 |
|       SubWordLoop[3].subTable                  |     0.000 |
|     KeyExpansionRoundLoop[2].keyExpansionRound |     0.000 |
|       SubWordLoop[0].subTable                  |     0.000 |
|       SubWordLoop[1].subTable                  |     0.000 |
|       SubWordLoop[2].subTable                  |     0.000 |
|       SubWordLoop[3].subTable                  |     0.000 |
|     KeyExpansionRoundLoop[3].keyExpansionRound |     0.000 |
|       SubWordLoop[0].subTable                  |     0.000 |
|       SubWordLoop[1].subTable                  |     0.000 |
|       SubWordLoop[2].subTable                  |     0.000 |
|       SubWordLoop[3].subTable                  |     0.000 |
|     KeyExpansionRoundLoop[4].keyExpansionRound |     0.000 |
|       SubWordLoop[0].subTable                  |     0.000 |
|       SubWordLoop[1].subTable                  |     0.000 |
|       SubWordLoop[2].subTable                  |     0.000 |
|       SubWordLoop[3].subTable                  |     0.000 |
|     KeyExpansionRoundLoop[5].keyExpansionRound |     0.000 |
|       SubWordLoop[0].subTable                  |     0.000 |
|       SubWordLoop[1].subTable                  |     0.000 |
|       SubWordLoop[2].subTable                  |     0.000 |
|       SubWordLoop[3].subTable                  |     0.000 |
|     KeyExpansionRoundLoop[6].keyExpansionRound |     0.000 |
|       SubWordLoop[0].subTable                  |     0.000 |
|       SubWordLoop[1].subTable                  |     0.000 |
|       SubWordLoop[2].subTable                  |     0.000 |
|       SubWordLoop[3].subTable                  |     0.000 |
|     KeyExpansionRoundLoop[7].keyExpansionRound |     0.000 |
|       SubWordLoop[0].subTable                  |     0.000 |
|       SubWordLoop[1].subTable                  |     0.000 |
|       SubWordLoop[2].subTable                  |     0.000 |
|       SubWordLoop[3].subTable                  |     0.000 |
|     KeyExpansionRoundLoop[8].keyExpansionRound |     0.000 |
|       SubWordLoop[0].subTable                  |     0.000 |
|       SubWordLoop[1].subTable                  |     0.000 |
|       SubWordLoop[2].subTable                  |     0.000 |
|       SubWordLoop[3].subTable                  |     0.000 |
|     KeyExpansionRoundLoop[9].keyExpansionRound |     0.000 |
|       SubWordLoop[0].subTable                  |     0.000 |
|       SubWordLoop[1].subTable                  |     0.000 |
|       SubWordLoop[2].subTable                  |     0.000 |
|       SubWordLoop[3].subTable                  |     0.000 |
|   sensingUnit                                  |    <0.001 |
|   trojanCore                                   |    <0.001 |
|     mix                                        |    <0.001 |
|     sub                                        |    <0.001 |
|       SubTableLoop[103].s                      |    <0.001 |
|       SubTableLoop[111].s                      |    <0.001 |
|       SubTableLoop[119].s                      |    <0.001 |
|       SubTableLoop[127].s                      |    <0.001 |
|       SubTableLoop[15].s                       |    <0.001 |
|       SubTableLoop[23].s                       |    <0.001 |
|       SubTableLoop[31].s                       |    <0.001 |
|       SubTableLoop[39].s                       |    <0.001 |
|       SubTableLoop[47].s                       |    <0.001 |
|       SubTableLoop[55].s                       |    <0.001 |
|       SubTableLoop[63].s                       |    <0.001 |
|       SubTableLoop[71].s                       |    <0.001 |
|       SubTableLoop[79].s                       |    <0.001 |
|       SubTableLoop[7].s                        |    <0.001 |
|       SubTableLoop[87].s                       |    <0.001 |
|       SubTableLoop[95].s                       |    <0.001 |
+------------------------------------------------+-----------+


