Copyright 1986-2018 Xilinx, Inc. All Rights Reserved.
-------------------------------------------------------------------------------------------------------------------------------------------------------------------------------------------------------
| Tool Version     : Vivado v.2018.2 (win64) Build 2258646 Thu Jun 14 20:03:12 MDT 2018
| Date             : Sun Aug 30 20:52:24 2026
| Host             : HERMES running 64-bit major release  (build 9200)
| Command          : report_power -file AESTrojanDetectionFramework_power_routed.rpt -pb AESTrojanDetectionFramework_power_summary_routed.pb -rpx AESTrojanDetectionFramework_power_routed.rpx
| Design           : AESTrojanDetectionFramework
| Device           : xc7a35tcpg236-1
| Design State     : routed
| Grade            : commercial
| Process          : typical
| Characterization : Production
-------------------------------------------------------------------------------------------------------------------------------------------------------------------------------------------------------

Power Report

Table of Contents
-----------------
1. Summary
1.1 On-Chip Components
1.2 Power Supply Summary
1.3 Confidence Level
2. Settings
2.1 Environment
2.2 Clock Constraints
3. Detailed Reports
3.1 By Hierarchy

1. Summary
----------

+--------------------------+-----------------------------------+
| Total On-Chip Power (W)  | 776.557 (Junction temp exceeded!) |
| Design Power Budget (W)  | Unspecified*                      |
| Power Budget Margin (W)  | NA                                |
| Dynamic (W)              | 776.074                           |
| Device Static (W)        | 0.483                             |
| Effective TJA (C/W)      | 5.0                               |
| Max Ambient (C)          | 0.0                               |
| Junction Temperature (C) | 125.0                             |
| Confidence Level         | Low                               |
| Setting File             | ---                               |
| Simulation Activity File | ---                               |
| Design Nets Matched      | NA                                |
+--------------------------+-----------------------------------+
* Specify Design Power Budget using, set_operating_conditions -design_power_budget <value in Watts>


1.1 On-Chip Components
----------------------

+----------------+-----------+----------+-----------+-----------------+
| On-Chip        | Power (W) | Used     | Available | Utilization (%) |
+----------------+-----------+----------+-----------+-----------------+
| Slice Logic    |   396.809 |     6935 |       --- |             --- |
|   LUT as Logic |   391.370 |     5037 |     20800 |           24.22 |
|   F7/F8 Muxes  |     5.347 |     1512 |     32600 |            4.64 |
|   Register     |     0.092 |      279 |     41600 |            0.67 |
|   Others       |     0.000 |        3 |       --- |             --- |
| Signals        |   379.265 |     4064 |       --- |             --- |
| Static Power   |     0.483 |          |           |                 |
| Total          |   776.556 |          |           |                 |
+----------------+-----------+----------+-----------+-----------------+


1.2 Power Supply Summary
------------------------

+-----------+-------------+-----------+-------------+------------+
| Source    | Voltage (V) | Total (A) | Dynamic (A) | Static (A) |
+-----------+-------------+-----------+-------------+------------+
| Vccint    |       1.000 |   776.414 |     776.074 |      0.341 |
| Vccaux    |       1.800 |     0.053 |       0.000 |      0.053 |
| Vcco33    |       3.300 |     0.000 |       0.000 |      0.000 |
| Vcco25    |       2.500 |     0.000 |       0.000 |      0.000 |
| Vcco18    |       1.800 |     0.000 |       0.000 |      0.000 |
| Vcco15    |       1.500 |     0.000 |       0.000 |      0.000 |
| Vcco135   |       1.350 |     0.000 |       0.000 |      0.000 |
| Vcco12    |       1.200 |     0.000 |       0.000 |      0.000 |
| Vccaux_io |       1.800 |     0.000 |       0.000 |      0.000 |
| Vccbram   |       1.000 |     0.010 |       0.000 |      0.010 |
| MGTAVcc   |       1.000 |     0.000 |       0.000 |      0.000 |
| MGTAVtt   |       1.200 |     0.000 |       0.000 |      0.000 |
| Vccadc    |       1.800 |     0.020 |       0.000 |      0.020 |
+-----------+-------------+-----------+-------------+------------+


1.3 Confidence Level
--------------------

+-----------------------------+------------+------------------------------------------------+--------------------------------------------------------------------------------------------------------------------+
| User Input Data             | Confidence | Details                                        | Action                                                                                                             |
+-----------------------------+------------+------------------------------------------------+--------------------------------------------------------------------------------------------------------------------+
| Design implementation state | High       | Design is routed                               |                                                                                                                    |
| Clock nodes activity        | Low        | User specified less than 75% of clocks         | Provide missing clock activity with a constraint file, simulation results or by editing the "By Clock Domain" view |
| I/O nodes activity          | High       | User specified more than 95% of inputs         |                                                                                                                    |
| Internal nodes activity     | Medium     | User specified less than 25% of internal nodes | Provide missing internal nodes activity with simulation results or by editing the "By Resource Type" views         |
| Device models               | High       | Device models are Production                   |                                                                                                                    |
|                             |            |                                                |                                                                                                                    |
| Overall confidence level    | Low        |                                                |                                                                                                                    |
+-----------------------------+------------+------------------------------------------------+--------------------------------------------------------------------------------------------------------------------+


2. Settings
-----------

2.1 Environment
---------------

+-----------------------+--------------------------+
| Ambient Temp (C)      | 25.0                     |
| ThetaJA (C/W)         | 5.0                      |
| Airflow (LFM)         | 250                      |
| Heat Sink             | medium (Medium Profile)  |
| ThetaSA (C/W)         | 4.6                      |
| Board Selection       | medium (10"x10")         |
| # of Board Layers     | 12to15 (12 to 15 Layers) |
| Board Temperature (C) | 25.0                     |
+-----------------------+--------------------------+


2.2 Clock Constraints
---------------------

+-------+--------+-----------------+
| Clock | Domain | Constraint (ns) |
+-------+--------+-----------------+


3. Detailed Reports
-------------------

3.1 By Hierarchy
----------------

+------------------------------------------------+-----------+
| Name                                           | Power (W) |
+------------------------------------------------+-----------+
| AESTrojanDetectionFramework                    |   776.074 |
|   goldenCore                                   |    25.139 |
|     mix                                        |     5.229 |
|     sub                                        |     4.047 |
|       SubTableLoop[103].s                      |     0.221 |
|       SubTableLoop[111].s                      |     0.294 |
|       SubTableLoop[119].s                      |     0.302 |
|       SubTableLoop[127].s                      |     0.196 |
|       SubTableLoop[15].s                       |     0.281 |
|       SubTableLoop[23].s                       |     0.291 |
|       SubTableLoop[31].s                       |     0.246 |
|       SubTableLoop[39].s                       |     0.240 |
|       SubTableLoop[47].s                       |     0.239 |
|       SubTableLoop[55].s                       |     0.231 |
|       SubTableLoop[63].s                       |     0.283 |
|       SubTableLoop[71].s                       |     0.224 |
|       SubTableLoop[79].s                       |     0.228 |
|       SubTableLoop[7].s                        |     0.279 |
|       SubTableLoop[87].s                       |     0.229 |
|       SubTableLoop[95].s                       |     0.262 |
|   keyExp                                       |   727.681 |
|     KeyExpansionRoundLoop[0].keyExpansionRound |   697.179 |
|       SubWordLoop[0].subTable                  |   173.058 |
|       SubWordLoop[1].subTable                  |   176.181 |
|       SubWordLoop[2].subTable                  |   174.964 |
|       SubWordLoop[3].subTable                  |   172.976 |
|     KeyExpansionRoundLoop[1].keyExpansionRound |     1.196 |
|       SubWordLoop[0].subTable                  |     0.346 |
|       SubWordLoop[1].subTable                  |     0.296 |
|       SubWordLoop[2].subTable                  |     0.289 |
|       SubWordLoop[3].subTable                  |     0.266 |
|     KeyExpansionRoundLoop[2].keyExpansionRound |     2.117 |
|       SubWordLoop[0].subTable                  |     0.543 |
|       SubWordLoop[1].subTable                  |     0.523 |
|       SubWordLoop[2].subTable                  |     0.514 |
|       SubWordLoop[3].subTable                  |     0.537 |
|     KeyExpansionRoundLoop[3].keyExpansionRound |     2.765 |
|       SubWordLoop[0].subTable                  |     0.659 |
|       SubWordLoop[1].subTable                  |     0.766 |
|       SubWordLoop[2].subTable                  |     0.726 |
|       SubWordLoop[3].subTable                  |     0.614 |
|     KeyExpansionRoundLoop[4].keyExpansionRound |     3.159 |
|       SubWordLoop[0].subTable                  |     0.831 |
|       SubWordLoop[1].subTable                  |     0.729 |
|       SubWordLoop[2].subTable                  |     0.779 |
|       SubWordLoop[3].subTable                  |     0.819 |
|     KeyExpansionRoundLoop[5].keyExpansionRound |     4.279 |
|       SubWordLoop[0].subTable                  |     1.204 |
|       SubWordLoop[1].subTable                  |     1.020 |
|       SubWordLoop[2].subTable                  |     1.076 |
|       SubWordLoop[3].subTable                  |     0.979 |
|     KeyExpansionRoundLoop[6].keyExpansionRound |     5.395 |
|       SubWordLoop[0].subTable                  |     1.459 |
|       SubWordLoop[1].subTable                  |     1.320 |
|       SubWordLoop[2].subTable                  |     1.339 |
|       SubWordLoop[3].subTable                  |     1.278 |
|     KeyExpansionRoundLoop[7].keyExpansionRound |     4.444 |
|       SubWordLoop[0].subTable                  |     1.168 |
|       SubWordLoop[1].subTable                  |     1.038 |
|       SubWordLoop[2].subTable                  |     1.056 |
|       SubWordLoop[3].subTable                  |     1.183 |
|     KeyExpansionRoundLoop[8].keyExpansionRound |     2.320 |
|       SubWordLoop[0].subTable                  |     0.546 |
|       SubWordLoop[1].subTable                  |     0.569 |
|       SubWordLoop[2].subTable                  |     0.587 |
|       SubWordLoop[3].subTable                  |     0.618 |
|     KeyExpansionRoundLoop[9].keyExpansionRound |     4.828 |
|       SubWordLoop[0].subTable                  |     1.238 |
|       SubWordLoop[1].subTable                  |     1.264 |
|       SubWordLoop[2].subTable                  |     1.105 |
|       SubWordLoop[3].subTable                  |     1.220 |
|   sensingUnit                                  |    <0.001 |
|   trojanCore                                   |    23.252 |
|     mix                                        |     4.742 |
|     sub                                        |     3.167 |
|       SubTableLoop[103].s                      |     0.154 |
|       SubTableLoop[111].s                      |     0.214 |
|       SubTableLoop[119].s                      |     0.248 |
|       SubTableLoop[127].s                      |     0.165 |
|       SubTableLoop[15].s                       |     0.232 |
|       SubTableLoop[23].s                       |     0.181 |
|       SubTableLoop[31].s                       |     0.196 |
|       SubTableLoop[39].s                       |     0.215 |
|       SubTableLoop[47].s                       |     0.202 |
|       SubTableLoop[55].s                       |     0.150 |
|       SubTableLoop[63].s                       |     0.201 |
|       SubTableLoop[71].s                       |     0.188 |
|       SubTableLoop[79].s                       |     0.201 |
|       SubTableLoop[7].s                        |     0.281 |
|       SubTableLoop[87].s                       |     0.168 |
|       SubTableLoop[95].s                       |     0.169 |
+------------------------------------------------+-----------+


